******************************************************************************
                  TI ARM Linker PC v20.2.7                     
******************************************************************************
>> Linked Mon Nov 18 01:16:07 2024

OUTPUT FILE NAME:   <lcd_ornek.out>
ENTRY POINT SYMBOL: "_c_int00_noargs"  address: 000024a1


MEMORY CONFIGURATION

         name            origin    length      used     unused   attr    fill
----------------------  --------  ---------  --------  --------  ----  --------
  FLASH                 00000000   00040000  00002b06  0003d4fa  R  X
  SRAM                  20000000   00008000  00000484  00007b7c  RW X


SEGMENT ALLOCATION MAP

run origin  load origin   length   init length attrs members
----------  ----------- ---------- ----------- ----- -------
00000000    00000000    00002b08   00002b08    r-x
  00000000    00000000    0000026c   0000026c    r-- .intvecs
  0000026c    0000026c    00002326   00002326    r-x .text
  00002594    00002594    00000544   00000544    r-- .const
  00002ad8    00002ad8    00000030   00000030    r-- .cinit
20000000    20000000    00000488   00000000    rw-
  20000000    20000000    0000026c   00000000    rw- .vtable
  20000270    20000270    00000200   00000000    rw- .stack
  20000470    20000470    00000018   00000000    rw- .data


SECTION ALLOCATION MAP

 output                                  attributes/
section   page    origin      length       input sections
--------  ----  ----------  ----------   ----------------
.intvecs   0    00000000    0000026c     
                  00000000    0000026c     tm4c123gh6pm_startup_ccs.obj (.intvecs)

.text      0    0000026c    00002326     
                  0000026c    00001d94     lcd.obj (.text)
                  00002000    000001a8     main.obj (.text)
                  000021a8    0000009c     rtsv7M4_T_le_v4SPD16_eabi.lib : memcpy_t2.asm.obj (.text)
                  00002244    00000068     driverlib.lib : interrupt.obj (.text:IntDisable)
                  000022ac    00000068                   : interrupt.obj (.text:IntEnable)
                  00002314    00000068     rtsv7M4_T_le_v4SPD16_eabi.lib : copy_decompress_lzss.c.obj (.text:decompress:lzss:__TI_decompress_lzss)
                  0000237c    00000060     driverlib.lib : timer.obj (.text:TimerConfigure)
                  000023dc    0000004c                   : timer.obj (.text:_TimerIntNumberGet)
                  00002428    00000044     rtsv7M4_T_le_v4SPD16_eabi.lib : autoinit.c.obj (.text:__TI_auto_init_nobinit_nopinit:__TI_auto_init_nobinit_nopinit)
                  0000246c    00000034     driverlib.lib : interrupt.obj (.text:IntRegister)
                  000024a0    00000034     rtsv7M4_T_le_v4SPD16_eabi.lib : boot_cortex_m.c.obj (.text:_c_int00_noargs:_c_int00_noargs)
                  000024d4    0000001c                                   : copy_zero_init.c.obj (.text:decompress:ZI:__TI_zero_init_nomemset:__TI_zero_init_nomemset)
                  000024f0    00000018     driverlib.lib : timer.obj (.text:TimerIntRegister)
                  00002508    00000014                   : interrupt.obj (.text:IntUnregister)
                  0000251c    00000012                   : timer.obj (.text:TimerLoadSet)
                  0000252e    00000010                   : interrupt.obj (.text:IntMasterEnable)
                  0000253e    0000000e                   : timer.obj (.text:TimerEnable)
                  0000254c    0000000e     rtsv7M4_T_le_v4SPD16_eabi.lib : copy_decompress_none.c.obj (.text:decompress:none:__TI_decompress_none)
                  0000255a    0000000c     driverlib.lib : cpu.obj (.text:CPUcpsie)
                  00002566    0000000c     tm4c123gh6pm_startup_ccs.obj (.text)
                  00002572    00000008     driverlib.lib : timer.obj (.text:TimerIntEnable)
                  0000257a    00000006     lcd.obj (.text:SysCtlDelay)
                  00002580    00000004     driverlib.lib : cpu.obj (.text:CPUwfi)
                  00002584    00000004                   : timer.obj (.text:TimerIntClear)
                  00002588    00000004     rtsv7M4_T_le_v4SPD16_eabi.lib : pre_init.c.obj (.text:_system_pre_init)
                  0000258c    00000004                                   : exit.c.obj (.text:abort:abort)
                  00002590    00000002     driverlib.lib : interrupt.obj (.text:_IntDefaultHandler)

.const     0    00002594    00000544     
                  00002594    000001b0     lcd.obj (.const:g_pppui32XTALtoVCO)
                  00002744    000000d8     lcd.obj (.const:g_ppui32GPIOIntMapSnowflake)
                  0000281c    000000c0     lcd.obj (.const:g_ppui32GPIOIntMapBlizzard)
                  000028dc    00000090     lcd.obj (.const:g_pui32GPIOBaseAddrs)
                  0000296c    0000006c     lcd.obj (.const:g_pui32Xtals)
                  000029d8    00000060     driverlib.lib : timer.obj (.const:g_ppui32TimerIntMap)
                  00002a38    00000040                   : timer.obj (.const:g_ppui32TimerIntMapSnowflake)
                  00002a78    00000030     lcd.obj (.const:g_sXTALtoMEMTIM)
                  00002aa8    00000014     driverlib.lib : interrupt.obj (.const:g_pui32Dii16Regs)
                  00002abc    00000014                   : interrupt.obj (.const:g_pui32EnRegs)
                  00002ad0    00000008     lcd.obj (.const:g_pui32VCOFrequencies)

.cinit     0    00002ad8    00000030     
                  00002ad8    0000000c     (__TI_handler_table)
                  00002ae4    00000008     (.cinit..data.load) [load image, compression = lzss]
                  00002aec    00000004     --HOLE-- [fill = 0]
                  00002af0    00000008     (.cinit..vtable.load) [load image, compression = zero_init]
                  00002af8    00000010     (__TI_cinit_table)

.init_array 
*          0    00000000    00000000     UNINITIALIZED

.vtable    0    20000000    0000026c     UNINITIALIZED
                  20000000    0000026c     driverlib.lib : interrupt.obj (.vtable)

.data      0    20000470    00000018     UNINITIALIZED
                  20000470    00000018     main.obj (.data)

.stack     0    20000270    00000200     UNINITIALIZED
                  20000270    00000004     rtsv7M4_T_le_v4SPD16_eabi.lib : boot_cortex_m.c.obj (.stack)
                  20000274    000001fc     --HOLE--

__llvm_prf_cnts 
*          0    20000000    00000000     UNINITIALIZED

MODULE SUMMARY

       Module                         code   ro data   rw data
       ------                         ----   -------   -------
    .\
       lcd.obj                        7578   1148      0      
       tm4c123gh6pm_startup_ccs.obj   12     620       0      
       main.obj                       424    0         24     
    +--+------------------------------+------+---------+---------+
       Total:                         8014   1768      24     
                                                              
    C:/ti/TivaWare_C_Series-2.2.0.295/driverlib/ccs/Debug/driverlib.lib
       interrupt.obj                  298    40        620    
       timer.obj                      240    160       0      
       cpu.obj                        16     0         0      
    +--+------------------------------+------+---------+---------+
       Total:                         554    200       620    
                                                              
    C:\ti\ccs1281\ccs\tools\compiler\ti-cgt-arm_20.2.7.LTS\lib\rtsv7M4_T_le_v4SPD16_eabi.lib
       memcpy_t2.asm.obj              156    0         0      
       copy_decompress_lzss.c.obj     104    0         0      
       autoinit.c.obj                 68     0         0      
       boot_cortex_m.c.obj            52     0         0      
       copy_zero_init.c.obj           28     0         0      
       copy_decompress_none.c.obj     14     0         0      
       exit.c.obj                     4      0         0      
       pre_init.c.obj                 4      0         0      
    +--+------------------------------+------+---------+---------+
       Total:                         430    0         0      
                                                              
       Stack:                         0      0         512    
       Linker Generated:              0      44        0      
    +--+------------------------------+------+---------+---------+
       Grand Total:                   8998   2012      1156   


LINKER GENERATED COPY TABLES

__TI_cinit_table @ 00002af8 records: 2, size/record: 8, table size: 16
	.data: load addr=00002ae4, load size=00000008 bytes, run addr=20000470, run size=00000018 bytes, compression=lzss
	.vtable: load addr=00002af0, load size=00000008 bytes, run addr=20000000, run size=0000026c bytes, compression=zero_init


LINKER GENERATED HANDLER TABLE

__TI_handler_table @ 00002ad8 records: 3, size/record: 4, table size: 12
	index: 0, handler: __TI_zero_init
	index: 1, handler: __TI_decompress_lzss
	index: 2, handler: __TI_decompress_none


GLOBAL SYMBOLS: SORTED ALPHABETICALLY BY Name 

address   name                            
-------   ----                            
0000258d  C$$EXIT                         
0000255b  CPUcpsie                        
00002581  CPUwfi                          
00000e31  GPIOADCTriggerDisable           
00000e13  GPIOADCTriggerEnable            
00000df5  GPIODMATriggerDisable           
00000dd7  GPIODMATriggerEnable            
00000327  GPIODirModeGet                  
000002cb  GPIODirModeSet                  
000008e1  GPIOIntClear                    
000008a5  GPIOIntDisable                  
00000881  GPIOIntEnable                   
000008f5  GPIOIntRegister                 
0000092d  GPIOIntRegisterPin              
000008bf  GPIOIntStatus                   
00000417  GPIOIntTypeGet                  
00000373  GPIOIntTypeSet                  
00000913  GPIOIntUnregister               
0000095b  GPIOIntUnregisterPin            
0000070f  GPIOPadConfigGet                
000004a1  GPIOPadConfigSet                
00000d79  GPIOPinConfigure                
0000097f  GPIOPinRead                     
000009b7  GPIOPinTypeADC                  
000009db  GPIOPinTypeCAN                  
000009ff  GPIOPinTypeComparator           
00000a23  GPIOPinTypeComparatorOutput     
00000a47  GPIOPinTypeDIVSCLK              
00000a6b  GPIOPinTypeEPI                  
00000a8f  GPIOPinTypeEthernetLED          
00000ab3  GPIOPinTypeEthernetMII          
00000ad7  GPIOPinTypeGPIOInput            
00000afb  GPIOPinTypeGPIOOutput           
00000b25  GPIOPinTypeGPIOOutputOD         
00000b49  GPIOPinTypeHibernateRTCCLK      
00000b6d  GPIOPinTypeI2C                  
00000b91  GPIOPinTypeI2CSCL               
00000bb5  GPIOPinTypeLCD                  
00000bd9  GPIOPinTypeOneWire              
00000bfd  GPIOPinTypePWM                  
00000c21  GPIOPinTypeQEI                  
00000c45  GPIOPinTypeSSI                  
00000c69  GPIOPinTypeTimer                
00000c8d  GPIOPinTypeTrace                
00000cb1  GPIOPinTypeUART                 
00000cd5  GPIOPinTypeUSBAnalog            
00000cf9  GPIOPinTypeUSBDigital           
00000d1d  GPIOPinTypeWakeHigh             
00000d43  GPIOPinTypeWakeLow              
00000d69  GPIOPinWakeStatus               
00000997  GPIOPinWrite                    
00000e4f  GPIOUnlockPin                   
00002245  IntDisable                      
000022ad  IntEnable                       
0000252f  IntMasterEnable                 
0000246d  IntRegister                     
00002509  IntUnregister                   
00001ea1  LCDIlkayarlar                   
00001fcb  LCDTemizle                      
00001f95  LCDgit                          
00002567  ResetISR                        
00001db9  SysCtlAltClkConfig              
000014e5  SysCtlClockFreqSet              
000019ad  SysCtlClockGet                  
00001d9d  SysCtlClockOutConfig            
000017dd  SysCtlClockSet                  
000013e9  SysCtlDeepSleep                 
00001b6d  SysCtlDeepSleepClockConfigSet   
00001b4f  SysCtlDeepSleepClockSet         
000013c9  SysCtlDeepSleepPowerSet         
0000257b  SysCtlDelay                     
00000f6b  SysCtlFlashSectorSizeGet        
00000f3f  SysCtlFlashSizeGet              
00001c43  SysCtlGPIOAHBDisable            
00001c27  SysCtlGPIOAHBEnable             
0000135d  SysCtlIntClear                  
00001349  SysCtlIntDisable                
00001331  SysCtlIntEnable                 
0000130d  SysCtlIntRegister               
0000136d  SysCtlIntStatus                 
00001321  SysCtlIntUnregister             
000013af  SysCtlLDODeepSleepGet           
0000139f  SysCtlLDODeepSleepSet           
00001399  SysCtlLDOSleepGet               
00001389  SysCtlLDOSleepSet               
0000141f  SysCtlMOSCConfigSet             
00001d81  SysCtlNMIClear                  
00001d69  SysCtlNMIStatus                 
00001435  SysCtlPIOSCCalibrate            
00001c11  SysCtlPWMClockGet               
00001bf7  SysCtlPWMClockSet               
000012b5  SysCtlPeripheralClockGating     
00001271  SysCtlPeripheralDeepSleepDisable
0000121d  SysCtlPeripheralDeepSleepEnable 
00001159  SysCtlPeripheralDisable         
00001119  SysCtlPeripheralEnable          
0000104d  SysCtlPeripheralPowerOff        
00001011  SysCtlPeripheralPowerOn         
00000f91  SysCtlPeripheralPresent         
00000fd1  SysCtlPeripheralReady           
00001091  SysCtlPeripheralReset           
000011e1  SysCtlPeripheralSleepDisable    
0000119d  SysCtlPeripheralSleepEnable     
000013d9  SysCtlReset                     
00001495  SysCtlResetBehaviorGet          
00001485  SysCtlResetBehaviorSet          
0000140b  SysCtlResetCauseClear           
00001405  SysCtlResetCauseGet             
00000f35  SysCtlSRAMSizeGet               
000013e1  SysCtlSleep                     
000013b5  SysCtlSleepPowerSet             
00001c6b  SysCtlUSBPLLDisable             
00001c5f  SysCtlUSBPLLEnable              
00001cb1  SysCtlVCOGet                    
00001c99  SysCtlVoltageEventClear         
00001c7d  SysCtlVoltageEventConfig        
00001c8d  SysCtlVoltageEventStatus        
0000237d  TimerConfigure                  
0000253f  TimerEnable                     
00002585  TimerIntClear                   
00002573  TimerIntEnable                  
000024f1  TimerIntRegister                
0000251d  TimerLoadSet                    
20000470  __STACK_END                     
00000200  __STACK_SIZE                    
20000470  __STACK_TOP                     
00002af8  __TI_CINIT_Base                 
00002b08  __TI_CINIT_Limit                
00002ad8  __TI_Handler_Table_Base         
00002ae4  __TI_Handler_Table_Limit        
00002429  __TI_auto_init_nobinit_nopinit  
00002315  __TI_decompress_lzss            
0000254d  __TI_decompress_none            
ffffffff  __TI_pprof_out_hndl             
ffffffff  __TI_prof_data_size             
ffffffff  __TI_prof_data_start            
00000000  __TI_static_base__              
000024d5  __TI_zero_init_nomemset         
000021a9  __aeabi_memcpy                  
000021a9  __aeabi_memcpy4                 
000021a9  __aeabi_memcpy8                 
ffffffff  __binit__                       
ffffffff  __c_args__                      
UNDEFED   __mpu_init                      
20000270  __stack                         
20000000  __start___llvm_prf_cnts         
20000000  __stop___llvm_prf_cnts          
000024a1  _c_int00_noargs                 
UNDEFED   _system_post_cinit              
00002589  _system_pre_init                
0000258d  abort                           
ffffffff  binit                           
20000478  dk_birler                       
2000047c  dk_onlar                        
20000000  g_pfnRAMVectors                 
00000000  g_pfnVectors                    
00001f09  lcdkarakteryaz                  
00001e11  lcdkomut                        
00002001  main                            
000021a9  memcpy                          
00001dc9  otuzhexgonder                   
20000480  saat_birler                     
20000484  saat_onlar                      
20000470  sn_birler                       
20000474  sn_onlar                        
0000204f  timer0IntHandler                


GLOBAL SYMBOLS: SORTED BY Symbol Address 

address   name                            
-------   ----                            
00000000  __TI_static_base__              
00000000  g_pfnVectors                    
00000200  __STACK_SIZE                    
000002cb  GPIODirModeSet                  
00000327  GPIODirModeGet                  
00000373  GPIOIntTypeSet                  
00000417  GPIOIntTypeGet                  
000004a1  GPIOPadConfigSet                
0000070f  GPIOPadConfigGet                
00000881  GPIOIntEnable                   
000008a5  GPIOIntDisable                  
000008bf  GPIOIntStatus                   
000008e1  GPIOIntClear                    
000008f5  GPIOIntRegister                 
00000913  GPIOIntUnregister               
0000092d  GPIOIntRegisterPin              
0000095b  GPIOIntUnregisterPin            
0000097f  GPIOPinRead                     
00000997  GPIOPinWrite                    
000009b7  GPIOPinTypeADC                  
000009db  GPIOPinTypeCAN                  
000009ff  GPIOPinTypeComparator           
00000a23  GPIOPinTypeComparatorOutput     
00000a47  GPIOPinTypeDIVSCLK              
00000a6b  GPIOPinTypeEPI                  
00000a8f  GPIOPinTypeEthernetLED          
00000ab3  GPIOPinTypeEthernetMII          
00000ad7  GPIOPinTypeGPIOInput            
00000afb  GPIOPinTypeGPIOOutput           
00000b25  GPIOPinTypeGPIOOutputOD         
00000b49  GPIOPinTypeHibernateRTCCLK      
00000b6d  GPIOPinTypeI2C                  
00000b91  GPIOPinTypeI2CSCL               
00000bb5  GPIOPinTypeLCD                  
00000bd9  GPIOPinTypeOneWire              
00000bfd  GPIOPinTypePWM                  
00000c21  GPIOPinTypeQEI                  
00000c45  GPIOPinTypeSSI                  
00000c69  GPIOPinTypeTimer                
00000c8d  GPIOPinTypeTrace                
00000cb1  GPIOPinTypeUART                 
00000cd5  GPIOPinTypeUSBAnalog            
00000cf9  GPIOPinTypeUSBDigital           
00000d1d  GPIOPinTypeWakeHigh             
00000d43  GPIOPinTypeWakeLow              
00000d69  GPIOPinWakeStatus               
00000d79  GPIOPinConfigure                
00000dd7  GPIODMATriggerEnable            
00000df5  GPIODMATriggerDisable           
00000e13  GPIOADCTriggerEnable            
00000e31  GPIOADCTriggerDisable           
00000e4f  GPIOUnlockPin                   
00000f35  SysCtlSRAMSizeGet               
00000f3f  SysCtlFlashSizeGet              
00000f6b  SysCtlFlashSectorSizeGet        
00000f91  SysCtlPeripheralPresent         
00000fd1  SysCtlPeripheralReady           
00001011  SysCtlPeripheralPowerOn         
0000104d  SysCtlPeripheralPowerOff        
00001091  SysCtlPeripheralReset           
00001119  SysCtlPeripheralEnable          
00001159  SysCtlPeripheralDisable         
0000119d  SysCtlPeripheralSleepEnable     
000011e1  SysCtlPeripheralSleepDisable    
0000121d  SysCtlPeripheralDeepSleepEnable 
00001271  SysCtlPeripheralDeepSleepDisable
000012b5  SysCtlPeripheralClockGating     
0000130d  SysCtlIntRegister               
00001321  SysCtlIntUnregister             
00001331  SysCtlIntEnable                 
00001349  SysCtlIntDisable                
0000135d  SysCtlIntClear                  
0000136d  SysCtlIntStatus                 
00001389  SysCtlLDOSleepSet               
00001399  SysCtlLDOSleepGet               
0000139f  SysCtlLDODeepSleepSet           
000013af  SysCtlLDODeepSleepGet           
000013b5  SysCtlSleepPowerSet             
000013c9  SysCtlDeepSleepPowerSet         
000013d9  SysCtlReset                     
000013e1  SysCtlSleep                     
000013e9  SysCtlDeepSleep                 
00001405  SysCtlResetCauseGet             
0000140b  SysCtlResetCauseClear           
0000141f  SysCtlMOSCConfigSet             
00001435  SysCtlPIOSCCalibrate            
00001485  SysCtlResetBehaviorSet          
00001495  SysCtlResetBehaviorGet          
000014e5  SysCtlClockFreqSet              
000017dd  SysCtlClockSet                  
000019ad  SysCtlClockGet                  
00001b4f  SysCtlDeepSleepClockSet         
00001b6d  SysCtlDeepSleepClockConfigSet   
00001bf7  SysCtlPWMClockSet               
00001c11  SysCtlPWMClockGet               
00001c27  SysCtlGPIOAHBEnable             
00001c43  SysCtlGPIOAHBDisable            
00001c5f  SysCtlUSBPLLEnable              
00001c6b  SysCtlUSBPLLDisable             
00001c7d  SysCtlVoltageEventConfig        
00001c8d  SysCtlVoltageEventStatus        
00001c99  SysCtlVoltageEventClear         
00001cb1  SysCtlVCOGet                    
00001d69  SysCtlNMIStatus                 
00001d81  SysCtlNMIClear                  
00001d9d  SysCtlClockOutConfig            
00001db9  SysCtlAltClkConfig              
00001dc9  otuzhexgonder                   
00001e11  lcdkomut                        
00001ea1  LCDIlkayarlar                   
00001f09  lcdkarakteryaz                  
00001f95  LCDgit                          
00001fcb  LCDTemizle                      
00002001  main                            
0000204f  timer0IntHandler                
000021a9  __aeabi_memcpy                  
000021a9  __aeabi_memcpy4                 
000021a9  __aeabi_memcpy8                 
000021a9  memcpy                          
00002245  IntDisable                      
000022ad  IntEnable                       
00002315  __TI_decompress_lzss            
0000237d  TimerConfigure                  
00002429  __TI_auto_init_nobinit_nopinit  
0000246d  IntRegister                     
000024a1  _c_int00_noargs                 
000024d5  __TI_zero_init_nomemset         
000024f1  TimerIntRegister                
00002509  IntUnregister                   
0000251d  TimerLoadSet                    
0000252f  IntMasterEnable                 
0000253f  TimerEnable                     
0000254d  __TI_decompress_none            
0000255b  CPUcpsie                        
00002567  ResetISR                        
00002573  TimerIntEnable                  
0000257b  SysCtlDelay                     
00002581  CPUwfi                          
00002585  TimerIntClear                   
00002589  _system_pre_init                
0000258d  C$$EXIT                         
0000258d  abort                           
00002ad8  __TI_Handler_Table_Base         
00002ae4  __TI_Handler_Table_Limit        
00002af8  __TI_CINIT_Base                 
00002b08  __TI_CINIT_Limit                
20000000  __start___llvm_prf_cnts         
20000000  __stop___llvm_prf_cnts          
20000000  g_pfnRAMVectors                 
20000270  __stack                         
20000470  __STACK_END                     
20000470  __STACK_TOP                     
20000470  sn_birler                       
20000474  sn_onlar                        
20000478  dk_birler                       
2000047c  dk_onlar                        
20000480  saat_birler                     
20000484  saat_onlar                      
ffffffff  __TI_pprof_out_hndl             
ffffffff  __TI_prof_data_size             
ffffffff  __TI_prof_data_start            
ffffffff  __binit__                       
ffffffff  __c_args__                      
ffffffff  binit                           
UNDEFED   __mpu_init                      
UNDEFED   _system_post_cinit              

[166 symbols]
